FLOW 0.4.1
............                                                             [100%]
12 passed in 4.14s
125 INFO: PyInstaller: 6.22.3, contrib hooks: 2026.8
125 INFO: Python: 3.12.14
138 INFO: Platform: macOS-26.0-arm64-arm-64bit
138 INFO: Python environment: /Users/harel/projects/flow/.venv
2699 INFO: Module search paths (PYTHONPATH):
['/Users/harel/.local/share/uv/python/cpython-3.12.14-macos-aarch64-none/lib/python312.zip',
 '/Users/harel/.local/share/uv/python/cpython-3.12.14-macos-aarch64-none/lib/python3.12',
 '/Users/harel/.local/share/uv/python/cpython-3.12-macos-aarch64-none/lib/python3.12/lib-dynload',
 '/Users/harel/projects/flow/.venv/lib/python3.12/site-packages',
 '/Users/harel/projects/flow']
3079 INFO: Appending 'datas' from .spec
3080 INFO: checking Analysis
3080 INFO: Building Analysis because Analysis-00.toc is non existent
3080 INFO: Looking for Python shared library...
3092 INFO: Using Python shared library: /Users/harel/.local/share/uv/python/cpython-3.12.14-macos-aarch64-none/lib/libpython3.12.dylib
3092 INFO: Running Analysis Analysis-00.toc
3092 INFO: Target bytecode optimization level: 0
3092 INFO: Initializing module dependency graph...
3093 INFO: Initializing module graph hook caches...
3106 INFO: Analyzing modules for base_library.zip ...
3706 INFO: Processing standard module hook 'hook-encodings.py' from '/Users/harel/projects/flow/.venv/lib/python3.12/site-packages/PyInstaller/hooks'
3950 INFO: Processing standard module hook 'hook-math.py' from '/Users/harel/projects/flow/.venv/lib/python3.12/site-packages/PyInstaller/hooks'
4066 INFO: Processing standard module hook 'hook-heapq.py' from '/Users/harel/projects/flow/.venv/lib/python3.12/site-packages/PyInstaller/hooks'
4607 INFO: Processing standard module hook 'hook-pickle.py' from '/Users/harel/projects/flow/.venv/lib/python3.12/site-packages/PyInstaller/hooks'
5294 INFO: Caching module dependency graph...
5314 INFO: Analyzing /Users/harel/projects/flow/run_flow.py
5352 INFO: Processing standard module hook 'hook-numpy.py' from '/Users/harel/projects/flow/.venv/lib/python3.12/site-packages/PyInstaller/hooks'
5507 INFO: Processing pre-safe-import-module hook 'hook-typing_extensions.py' from '/Users/harel/projects/flow/.venv/lib/python3.12/site-packages/PyInstaller/hooks/pre_safe_import_module'
5510 INFO: SetuptoolsInfo: initializing cached setuptools info...
6179 INFO: Processing standard module hook 'hook-multiprocessing.util.py' from '/Users/harel/projects/flow/.venv/lib/python3.12/site-packages/PyInstaller/hooks'
6264 INFO: Processing standard module hook 'hook-xml.py' from '/Users/harel/projects/flow/.venv/lib/python3.12/site-packages/PyInstaller/hooks'
6397 INFO: Processing standard module hook 'hook-_ctypes.py' from '/Users/harel/projects/flow/.venv/lib/python3.12/site-packages/PyInstaller/hooks'
6756 INFO: Processing standard module hook 'hook-platform.py' from '/Users/harel/projects/flow/.venv/lib/python3.12/site-packages/PyInstaller/hooks'
6845 INFO: Processing standard module hook 'hook-sysconfig.py' from '/Users/harel/projects/flow/.venv/lib/python3.12/site-packages/PyInstaller/hooks'
6853 INFO: Processing standard module hook 'hook-_osx_support.py' from '/Users/harel/projects/flow/.venv/lib/python3.12/site-packages/PyInstaller/hooks'
6947 INFO: Processing standard module hook 'hook-webbrowser.py' from '/Users/harel/projects/flow/.venv/lib/python3.12/site-packages/PyInstaller/hooks'
7497 INFO: Processing standard module hook 'hook-difflib.py' from '/Users/harel/projects/flow/.venv/lib/python3.12/site-packages/PyInstaller/hooks'
7946 INFO: Processing standard module hook 'hook-soundfile.py' from '/Users/harel/projects/flow/.venv/lib/python3.12/site-packages/_pyinstaller_hooks_contrib/stdhooks'
7966 INFO: Processing standard module hook 'hook-scipy.py' from '/Users/harel/projects/flow/.venv/lib/python3.12/site-packages/PyInstaller/hooks'
8484 INFO: Processing standard module hook 'hook-pytest.py' from '/Users/harel/projects/flow/.venv/lib/python3.12/site-packages/_pyinstaller_hooks_contrib/stdhooks'
8731 INFO: Processing standard module hook 'hook-pygments.py' from '/Users/harel/projects/flow/.venv/lib/python3.12/site-packages/PyInstaller/hooks'
9387 INFO: Processing standard module hook 'hook-py.py' from '/Users/harel/projects/flow/.venv/lib/python3.12/site-packages/_pyinstaller_hooks_contrib/stdhooks'
9513 INFO: Processing pre-safe-import-module hook 'hook-packaging.py' from '/Users/harel/projects/flow/.venv/lib/python3.12/site-packages/PyInstaller/hooks/pre_safe_import_module'
9610 INFO: Processing pre-safe-import-module hook 'hook-tomli.py' from '/Users/harel/projects/flow/.venv/lib/python3.12/site-packages/PyInstaller/hooks/pre_safe_import_module'
9610 INFO: Setuptools: 'tomli' appears to be a setuptools-vendored copy - creating alias to 'setuptools._vendor.tomli'!
9613 INFO: Processing standard module hook 'hook-setuptools.py' from '/Users/harel/projects/flow/.venv/lib/python3.12/site-packages/PyInstaller/hooks'
9620 INFO: Processing pre-safe-import-module hook 'hook-distutils.py' from '/Users/harel/projects/flow/.venv/lib/python3.12/site-packages/PyInstaller/hooks/pre_safe_import_module'
9635 INFO: Processing pre-safe-import-module hook 'hook-jaraco.py' from '/Users/harel/projects/flow/.venv/lib/python3.12/site-packages/PyInstaller/hooks/pre_safe_import_module'
9635 INFO: Setuptools: 'jaraco' appears to be a full setuptools-vendored copy - creating alias to 'setuptools._vendor.jaraco'!
9641 INFO: Processing pre-safe-import-module hook 'hook-more_itertools.py' from '/Users/harel/projects/flow/.venv/lib/python3.12/site-packages/PyInstaller/hooks/pre_safe_import_module'
9641 INFO: Setuptools: 'more_itertools' appears to be a setuptools-vendored copy - creating alias to 'setuptools._vendor.more_itertools'!
9897 INFO: Processing standard module hook 'hook-setuptools._vendor.jaraco.text.py' from '/Users/harel/projects/flow/.venv/lib/python3.12/site-packages/PyInstaller/hooks'
9898 INFO: Processing pre-safe-import-module hook 'hook-importlib_resources.py' from '/Users/harel/projects/flow/.venv/lib/python3.12/site-packages/PyInstaller/hooks/pre_safe_import_module'
9903 INFO: Processing pre-safe-import-module hook 'hook-backports.py' from '/Users/harel/projects/flow/.venv/lib/python3.12/site-packages/PyInstaller/hooks/pre_safe_import_module'
9903 INFO: Setuptools: 'backports' appears to be a full setuptools-vendored copy - creating alias to 'setuptools._vendor.backports'!
10439 INFO: Processing pre-safe-import-module hook 'hook-wheel.py' from '/Users/harel/projects/flow/.venv/lib/python3.12/site-packages/PyInstaller/hooks/pre_safe_import_module'
10440 INFO: Setuptools: 'wheel' appears to be a setuptools-vendored copy - creating alias to 'setuptools._vendor.wheel'!
10970 INFO: Processing standard module hook 'hook-pycparser.py' from '/Users/harel/projects/flow/.venv/lib/python3.12/site-packages/_pyinstaller_hooks_contrib/stdhooks'
11369 INFO: Processing standard module hook 'hook-scipy.linalg.py' from '/Users/harel/projects/flow/.venv/lib/python3.12/site-packages/PyInstaller/hooks'
11437 INFO: Processing standard module hook 'hook-scipy.special._ufuncs.py' from '/Users/harel/projects/flow/.venv/lib/python3.12/site-packages/PyInstaller/hooks'
12543 INFO: Processing standard module hook 'hook-scipy.spatial._ckdtree.py' from '/Users/harel/projects/flow/.venv/lib/python3.12/site-packages/PyInstaller/hooks'
12855 INFO: Processing standard module hook 'hook-scipy.spatial.transform.rotation.py' from '/Users/harel/projects/flow/.venv/lib/python3.12/site-packages/PyInstaller/hooks'
13389 INFO: Processing standard module hook 'hook-scipy.stats._stats.py' from '/Users/harel/projects/flow/.venv/lib/python3.12/site-packages/PyInstaller/hooks'
13685 INFO: Processing standard module hook 'hook-scipy.sparse.csgraph.py' from '/Users/harel/projects/flow/.venv/lib/python3.12/site-packages/PyInstaller/hooks'
14155 INFO: Processing standard module hook 'hook-scipy.special._ellip_harm_2.py' from '/Users/harel/projects/flow/.venv/lib/python3.12/site-packages/PyInstaller/hooks'
14546 INFO: Processing standard module hook 'hook-cryptography.py' from '/Users/harel/projects/flow/.venv/lib/python3.12/site-packages/_pyinstaller_hooks_contrib/stdhooks'
15001 INFO: hook-cryptography: cryptography does not seem to be using dynamically linked OpenSSL.
15043 INFO: Processing standard module hook 'hook-webview.py' from '/Users/harel/projects/flow/.venv/lib/python3.12/site-packages/webview/__pyinstaller'
15273 INFO: Processing pre-safe-import-module hook 'hook-gi.py' from '/Users/harel/projects/flow/.venv/lib/python3.12/site-packages/PyInstaller/hooks/pre_safe_import_module'
15479 INFO: Processing standard module hook 'hook-xml.etree.cElementTree.py' from '/Users/harel/projects/flow/.venv/lib/python3.12/site-packages/PyInstaller/hooks'
16319 INFO: Analyzing hidden import 'scipy.signal.tests'
16319 INFO: Analyzing hidden import 'scipy.signal.tests._scipy_spectral_test_shim'
16325 INFO: Analyzing hidden import 'scipy.signal.tests.mpsig'
16328 INFO: Analyzing hidden import 'scipy.signal.tests.test_array_tools'
16330 INFO: Analyzing hidden import 'scipy.signal.tests.test_bsplines'
16339 INFO: Analyzing hidden import 'scipy.signal.tests.test_cont2discrete'
16348 INFO: Analyzing hidden import 'scipy.signal.tests.test_czt'
16354 INFO: Analyzing hidden import 'scipy.signal.tests.test_dltisys'
16368 INFO: Analyzing hidden import 'scipy.signal.tests.test_filter_design'
16494 INFO: Analyzing hidden import 'scipy.signal.tests.test_fir_filter_design'
16516 INFO: Analyzing hidden import 'scipy.signal.tests.test_ltisys'
16548 INFO: Analyzing hidden import 'scipy.signal.tests.test_max_len_seq'
16551 INFO: Analyzing hidden import 'scipy.signal.tests.test_peak_finding'
16573 INFO: Analyzing hidden import 'scipy.signal.tests.test_result_type'
16576 INFO: Analyzing hidden import 'scipy.signal.tests.test_savitzky_golay'
16585 INFO: Analyzing hidden import 'scipy.signal.tests.test_short_time_fft'
16613 INFO: Analyzing hidden import 'scipy.signal.tests.test_signaltools'
16746 INFO: Analyzing hidden import 'scipy.signal.tests.test_spectral'
16796 INFO: Analyzing hidden import 'scipy.signal.tests.test_splines'
16805 INFO: Analyzing hidden import 'scipy.signal.tests.test_upfirdn'
16812 INFO: Analyzing hidden import 'scipy.signal.tests.test_waveforms'
16824 INFO: Analyzing hidden import 'scipy.signal.tests.test_wavelets'
16826 INFO: Analyzing hidden import 'scipy.signal.tests.test_whittaker'
16836 INFO: Analyzing hidden import 'scipy.signal.tests.test_windows'
16863 INFO: Analyzing hidden import 'scipy.special._add_newdocs'
16870 INFO: Analyzing hidden import 'scipy.special._mptestutils'
16885 INFO: Analyzing hidden import 'scipy.special._precompute'
16886 INFO: Analyzing hidden import 'scipy.special._precompute.cosine_cdf'
16887 INFO: Analyzing hidden import 'scipy.special._precompute.expn_asy'
16888 INFO: Analyzing hidden import 'scipy.special._precompute.gammainc_asy'
16892 INFO: Analyzing hidden import 'scipy.special._precompute.gammainc_data'
16895 INFO: Analyzing hidden import 'scipy.special._precompute.hyp2f1_data'
16923 INFO: Analyzing hidden import 'scipy.special._precompute.lambertw'
16925 INFO: Analyzing hidden import 'scipy.special._precompute.loggamma'
16927 INFO: Analyzing hidden import 'scipy.special._precompute.struve_convergence'
16929 INFO: Analyzing hidden import 'scipy.special._precompute.wright_bessel'
16937 INFO: Analyzing hidden import 'scipy.special._precompute.wright_bessel_data'
16941 INFO: Analyzing hidden import 'scipy.special._precompute.wrightomega'
16942 INFO: Analyzing hidden import 'scipy.special._precompute.zetac'
16943 INFO: Analyzing hidden import 'scipy.special._test_internal'
16944 INFO: Analyzing hidden import 'scipy.special._ufuncs_cxx'
16944 INFO: Analyzing hidden import 'scipy.special.cython_special'
16944 INFO: Analyzing hidden import 'scipy.special.tests.data'
16945 INFO: Analyzing hidden import 'scipy.special.tests.test_basic'
17072 INFO: Analyzing hidden import 'scipy.special.tests.test_bdtr'
17077 INFO: Analyzing hidden import 'scipy.special.tests.test_boost_ufuncs'
17079 INFO: Analyzing hidden import 'scipy.special.tests.test_boxcox'
17082 INFO: Analyzing hidden import 'scipy.special.tests.test_cdflib'
17101 INFO: Analyzing hidden import 'scipy.special.tests.test_cdft_asymptotic'
17102 INFO: Analyzing hidden import 'scipy.special.tests.test_cephes_intp_cast'
17104 INFO: Analyzing hidden import 'scipy.special.tests.test_cosine_distr'
17105 INFO: Analyzing hidden import 'scipy.special.tests.test_cython_abi'
17106 INFO: Analyzing hidden import 'scipy.special.tests.test_cython_special'
17120 INFO: Analyzing hidden import 'scipy.special.tests.test_data'
17134 INFO: Analyzing hidden import 'scipy.special.tests.test_dd'
17135 INFO: Analyzing hidden import 'scipy.special.tests.test_digamma'
17137 INFO: Analyzing hidden import 'scipy.special.tests.test_ellip_harm'
17148 INFO: Analyzing hidden import 'scipy.special.tests.test_erfinv'
17150 INFO: Analyzing hidden import 'scipy.special.tests.test_exponential_integrals'
17152 INFO: Analyzing hidden import 'scipy.special.tests.test_extending'
17153 INFO: Analyzing hidden import 'scipy.special.tests.test_faddeeva'
17155 INFO: Analyzing hidden import 'scipy.special.tests.test_gamma'
17156 INFO: Analyzing hidden import 'scipy.special.tests.test_gammainc'
17159 INFO: Analyzing hidden import 'scipy.special.tests.test_gen_harmonic'
17162 INFO: Analyzing hidden import 'scipy.special.tests.test_hypergeometric'
17165 INFO: Analyzing hidden import 'scipy.special.tests.test_iv_ratio'
17169 INFO: Analyzing hidden import 'scipy.special.tests.test_kolmogorov'
17180 INFO: Analyzing hidden import 'scipy.special.tests.test_lambertw'
17184 INFO: Analyzing hidden import 'scipy.special.tests.test_legendre'
17221 INFO: Analyzing hidden import 'scipy.special.tests.test_log1mexp'
17223 INFO: Analyzing hidden import 'scipy.special.tests.test_loggamma'
17225 INFO: Analyzing hidden import 'scipy.special.tests.test_logit'
17228 INFO: Analyzing hidden import 'scipy.special.tests.test_logsumexp'
17241 INFO: Analyzing hidden import 'scipy.special.tests.test_mpmath'
17285 INFO: Analyzing hidden import 'scipy.special.tests.test_nan_inputs'
17287 INFO: Analyzing hidden import 'scipy.special.tests.test_ndtr'
17288 INFO: Analyzing hidden import 'scipy.special.tests.test_ndtri_exp'
17290 INFO: Analyzing hidden import 'scipy.special.tests.test_orthogonal'
17319 INFO: Analyzing hidden import 'scipy.special.tests.test_orthogonal_eval'
17328 INFO: Analyzing hidden import 'scipy.special.tests.test_owens_t'
17329 INFO: Analyzing hidden import 'scipy.special.tests.test_pcf'
17330 INFO: Analyzing hidden import 'scipy.special.tests.test_pdtr'
17332 INFO: Analyzing hidden import 'scipy.special.tests.test_powm1'
17333 INFO: Analyzing hidden import 'scipy.special.tests.test_precompute_expn_asy'
17334 INFO: Analyzing hidden import 'scipy.special.tests.test_precompute_gammainc'
17337 INFO: Analyzing hidden import 'scipy.special.tests.test_precompute_utils'
17338 INFO: Analyzing hidden import 'scipy.special.tests.test_round'
17339 INFO: Analyzing hidden import 'scipy.special.tests.test_sf_error'
17343 INFO: Analyzing hidden import 'scipy.special.tests.test_sici'
17344 INFO: Analyzing hidden import 'scipy.special.tests.test_specfun'
17345 INFO: Analyzing hidden import 'scipy.special.tests.test_spence'
17347 INFO: Analyzing hidden import 'scipy.special.tests.test_spfun_stats'
17349 INFO: Analyzing hidden import 'scipy.special.tests.test_sph_harm'
17351 INFO: Analyzing hidden import 'scipy.special.tests.test_spherical_bessel'
17361 INFO: Analyzing hidden import 'scipy.special.tests.test_support_alternative_backends'
17370 INFO: Analyzing hidden import 'scipy.special.tests.test_trig'
17372 INFO: Analyzing hidden import 'scipy.special.tests.test_ufunc_infra'
17373 INFO: Analyzing hidden import 'scipy.special.tests.test_ufunc_signatures'
17376 INFO: Analyzing hidden import 'scipy.special.tests.test_wright_bessel'
17379 INFO: Analyzing hidden import 'scipy.special.tests.test_wrightomega'
17382 INFO: Analyzing hidden import 'scipy.special.tests.test_zeta'
17385 INFO: Processing module hooks (post-graph stage)...
17388 WARNING: Hidden import "pycparser.lextab" not found!
17388 WARNING: Hidden import "pycparser.yacctab" not found!
17445 WARNING: Hidden import "scipy.special._cdflib" not found!
18753 INFO: Performing binary vs. data reclassification (35 entries)
18767 INFO: Looking for ctypes DLLs
18858 INFO: Analyzing run-time hooks ...
18864 INFO: Including run-time hook 'pyi_rth_inspect.py' from '/Users/harel/projects/flow/.venv/lib/python3.12/site-packages/PyInstaller/hooks/rthooks'
18865 INFO: Including run-time hook 'pyi_rth_pkgutil.py' from '/Users/harel/projects/flow/.venv/lib/python3.12/site-packages/PyInstaller/hooks/rthooks'
18867 INFO: Including run-time hook 'pyi_rth_multiprocessing.py' from '/Users/harel/projects/flow/.venv/lib/python3.12/site-packages/PyInstaller/hooks/rthooks'
18868 INFO: Including run-time hook 'pyi_rth_cryptography_openssl.py' from '/Users/harel/projects/flow/.venv/lib/python3.12/site-packages/_pyinstaller_hooks_contrib/rthooks'
18869 INFO: Including run-time hook 'pyi_rth_setuptools.py' from '/Users/harel/projects/flow/.venv/lib/python3.12/site-packages/PyInstaller/hooks/rthooks'
18884 INFO: Creating base_library.zip...
18896 INFO: Looking for dynamic libraries
19438 INFO: Warnings written to /Users/harel/projects/flow/build/flow/warn-flow.txt
19490 INFO: Graph cross-reference written to /Users/harel/projects/flow/build/flow/xref-flow.html
19588 INFO: checking PYZ
19588 INFO: Building PYZ because PYZ-00.toc is non existent
19588 INFO: Building PYZ (ZlibArchive) /Users/harel/projects/flow/build/flow/PYZ-00.pyz
20792 INFO: Building PYZ (ZlibArchive) /Users/harel/projects/flow/build/flow/PYZ-00.pyz completed successfully.
20808 INFO: EXE target arch: arm64
20808 INFO: Code signing identity: None
20815 INFO: checking PKG
20815 INFO: Building PKG because PKG-00.toc is non existent
20815 INFO: Building PKG (CArchive) FLOW.pkg
20830 INFO: Building PKG (CArchive) FLOW.pkg completed successfully.
20831 INFO: Bootloader /Users/harel/projects/flow/.venv/lib/python3.12/site-packages/PyInstaller/bootloader/Darwin-64bit/runw
20831 INFO: checking EXE
20831 INFO: Building EXE because EXE-00.toc is non existent
20831 INFO: Building EXE from EXE-00.toc
20831 INFO: Copying bootloader EXE to /Users/harel/projects/flow/build/flow/FLOW
20833 INFO: Converting EXE to target arch (arm64)
20863 INFO: Removing signature(s) from EXE
20884 INFO: Modifying Mach-O image UUID(s) in EXE
20895 INFO: Appending PKG archive to EXE
20902 INFO: Fixing EXE headers for code signing
20907 INFO: Rewriting the executable's macOS SDK version (26.2.0) to match the SDK version of the Python library (15.0.0) in order to avoid inconsistent behavior and potential UI issues in the frozen application.
20908 INFO: Re-signing the EXE
20944 INFO: Building EXE from EXE-00.toc completed successfully.
20946 INFO: checking COLLECT
20946 INFO: Building COLLECT because COLLECT-00.toc is non existent
20946 INFO: Building COLLECT COLLECT-00.toc
21292 INFO: Building COLLECT COLLECT-00.toc completed successfully.
21296 INFO: checking BUNDLE
21296 INFO: Building BUNDLE because BUNDLE-00.toc is non existent
21296 INFO: Building BUNDLE BUNDLE-00.toc
21667 INFO: Signing the BUNDLE...
21944 INFO: Building BUNDLE BUNDLE-00.toc completed successfully.
21949 INFO: Build complete! The results are available in: /Users/harel/projects/flow/dist
Built: dist/FLOW-0.4.1-mac.dmg
total 87664
drwxr-xr-x@  5 harel  staff       160 Oct  8 00:27 .
drwxr-xr-x@ 22 harel  staff       704 Oct  8 00:26 ..
drwxr-xr-x@  4 harel  staff       128 Oct  8 00:27 FLOW
-rw-r--r--@  1 harel  staff  44882737 Oct  8 00:27 FLOW-0.4.1-mac.dmg
drwxr-xr-x@  3 harel  staff        96 Oct  8 00:27 FLOW.app
